npm warn exec The following package was not found and will be installed: astro@5.1.8
10:55:07 PM [vite] (ssr) Error when evaluating SSR module /home/dev/repos/wce/certs/certdocs-main/astro.config.ts:
|- TSConfckParseError: failed to resolve "extends":"astro/tsconfigs/strict" in /home/dev/repos/wce/certs/certdocs-main/tsconfig.json
    at resolveExtends (file:///home/dev/.npm/_npx/aa98e6899c6baff3/node_modules/vite/dist/node/chunks/dep-M1IYMR16.js:11796:8)
    at parseExtends (file:///home/dev/.npm/_npx/aa98e6899c6baff3/node_modules/vite/dist/node/chunks/dep-M1IYMR16.js:11731:24)
    at parse$f (file:///home/dev/.npm/_npx/aa98e6899c6baff3/node_modules/vite/dist/node/chunks/dep-M1IYMR16.js:11589:23)
    at async loadTsconfigJsonForFile (file:///home/dev/.npm/_npx/aa98e6899c6baff3/node_modules/vite/dist/node/chunks/dep-M1IYMR16.js:12417:38)
    at async transformWithEsbuild (file:///home/dev/.npm/_npx/aa98e6899c6baff3/node_modules/vite/dist/node/chunks/dep-M1IYMR16.js:12145:60)
    at async TransformPluginContext.transform (file:///home/dev/.npm/_npx/aa98e6899c6baff3/node_modules/vite/dist/node/chunks/dep-M1IYMR16.js:12256:24)
    at async EnvironmentPluginContainer.transform (file:///home/dev/.npm/_npx/aa98e6899c6baff3/node_modules/vite/dist/node/chunks/dep-M1IYMR16.js:47400:18)
    at async loadAndTransform (file:///home/dev/.npm/_npx/aa98e6899c6baff3/node_modules/vite/dist/node/chunks/dep-M1IYMR16.js:41198:27)

[astro] Unable to load your Astro config

failed to resolve "extends":"astro/tsconfigs/strict" in /home/dev/repos/wce/certs/certdocs-main/tsconfig.json
  Stack trace:
    at resolveExtends (file:///home/dev/.npm/_npx/aa98e6899c6baff3/node_modules/vite/dist/node/chunks/dep-M1IYMR16.js:11796:8)
    at parse$f (file:///home/dev/.npm/_npx/aa98e6899c6baff3/node_modules/vite/dist/node/chunks/dep-M1IYMR16.js:11589:23)
    at async transformWithEsbuild (file:///home/dev/.npm/_npx/aa98e6899c6baff3/node_modules/vite/dist/node/chunks/dep-M1IYMR16.js:12145:60)
    at async EnvironmentPluginContainer.transform (file:///home/dev/.npm/_npx/aa98e6899c6baff3/node_modules/vite/dist/node/chunks/dep-M1IYMR16.js:47400:18)
  Caused by:
  Cannot find module 'astro/tsconfigs/strict/tsconfig.json'
Require stack:
- /home/dev/repos/wce/certs/certdocs-main/tsconfig.json
    at Function._resolveFilename (node:internal/modules/cjs/loader:1244:15)
    at resolveExtends (file:///home/dev/.npm/_npx/aa98e6899c6baff3/node_modules/vite/dist/node/chunks/dep-M1IYMR16.js:11790:15)
    at parse$f (file:///home/dev/.npm/_npx/aa98e6899c6baff3/node_modules/vite/dist/node/chunks/dep-M1IYMR16.js:11589:23)
    at async transformWithEsbuild (file:///home/dev/.npm/_npx/aa98e6899c6baff3/node_modules/vite/dist/node/chunks/dep-M1IYMR16.js:12145:60)
    at async EnvironmentPluginContainer.transform (file:///home/dev/.npm/_npx/aa98e6899c6baff3/node_modules/vite/dist/node/chunks/dep-M1IYMR16.js:47400:18)
